Testing Gemini API with Key: AIzaSyDnMs...
node : FAILURE: 
[GoogleGenerativeAI 
Error]: Error fetching 
from https://generativelang
uage.googleapis.com/v1beta/
models/gemini-1.5-flash:gen
erateContent: [404 Not 
Found] 
models/gemini-1.5-flash is 
not found for API version 
v1beta, or is not 
supported for 
generateContent. Call 
ListModels to see the list 
of available models and 
their supported methods.
At line:1 char:1
+ node test-ai.js > 
test-output.txt 2>&1; 
Get-Content test-output.txt
+ ~~~~~~~~~~~~~~~~~~~~~~~~~
~~~~~~~~~~~~~
    + CategoryInfo         
     : NotSpecified: (FAI  
  LURE: [Googl...ported    
 methods.:String) [], R    
emoteException
    + FullyQualifiedErrorI 
   d : NativeCommandError
 
